2025-03-26 15:02:02,810 - INFO - Starting Zotero Item Receiver
2025-03-26 15:02:02,811 - INFO - Storage directory path: C:\Users\scott\OneDrive\share\ref\obsidian\Obsidian Share Vault\lit\lit_notes
2025-03-26 15:02:02,812 - INFO - Log file: C:\Users\scott\repos\refwrangle\zmknote\zotero_item_receiver.log
2025-03-26 15:02:02,812 - INFO - Storage directory exists or was created successfully
2025-03-26 15:02:02,813 - INFO - Starting server on port 5050
2025-03-26 15:02:02,824 - INFO - Serving on http://0.0.0.0:5050
2025-03-26 15:04:21,151 - INFO - Starting Zotero Item Receiver
2025-03-26 15:04:21,152 - INFO - Storage directory path: C:\Users\scott\OneDrive\share\ref\obsidian\Obsidian Share Vault\lit\lit_notes
2025-03-26 15:04:21,153 - INFO - Log file: C:\Users\scott\repos\refwrangle\zmknote\zotero_item_receiver.log
2025-03-26 15:04:21,153 - INFO - Storage directory exists or was created successfully
2025-03-26 15:04:21,153 - INFO - Starting server on port 5050
2025-03-26 15:04:21,160 - INFO - Serving on http://0.0.0.0:5050
2025-03-26 15:04:40,220 - INFO - [7c8dad48] Received webhook request
2025-03-26 15:04:40,221 - INFO - [7c8dad48] Processing 1 items
2025-03-26 15:04:40,222 - INFO - [7c8dad48] Working on item 1/1: Muller21ClickbaitUnreasEffect
2025-03-26 15:04:40,268 - INFO - [7c8dad48] File already exists: lit/lit_notes/Muller21ClickbaitUnreasEffect.md
2025-03-26 15:04:40,268 - INFO - [7c8dad48] Showing overwrite popup for 'Muller21ClickbaitUnreasEffect'
2025-03-26 15:04:40,269 - INFO - [7c8dad48] Opening dialog in browser: http://localhost:5050/dialog/dialog_d864dcc5
2025-03-26 15:04:54,277 - INFO - Dialog dialog_d864dcc5 response: skip
2025-03-26 15:04:54,279 - INFO - [7c8dad48] User selected: skip for 'Muller21ClickbaitUnreasEffect'
2025-03-26 15:04:54,281 - INFO - [7c8dad48] Skipping file: lit/lit_notes/Muller21ClickbaitUnreasEffect.md
2025-03-26 15:04:54,282 - INFO - [7c8dad48] Ended webhook message processing with 0 items acted upon
2025-03-26 15:05:17,474 - INFO - [4eaa20ae] Received webhook request
2025-03-26 15:05:17,476 - INFO - [4eaa20ae] Processing 1 items
2025-03-26 15:05:17,814 - INFO - [4eaa20ae] Ended webhook message processing with 1 items acted upon
2025-03-26 16:30:49,818 - INFO - Starting Zotero Item Receiver
2025-03-26 16:30:49,820 - INFO - Storage directory path: C:\Users\scott\OneDrive\share\ref\obsidian\Obsidian Share Vault\lit\lit_notes
2025-03-26 16:30:49,822 - INFO - Log file: C:\Users\scott\repos\refwrangle\zmknote\zotero_item_receiver.log
2025-03-26 16:30:49,823 - INFO - Storage directory exists or was created successfully
2025-03-26 16:30:49,825 - INFO - Starting server on port 5050
2025-03-26 16:30:49,836 - INFO - Serving on http://0.0.0.0:5050
2025-03-26 16:31:10,068 - INFO - [4440f0f9] Received webhook request
2025-03-26 16:31:10,069 - INFO - [4440f0f9] Processing 1 items
2025-03-26 16:31:10,069 - INFO - [4440f0f9] Working on item 1/1: Muller21ClickbaitUnreasEffect
2025-03-26 16:31:10,113 - INFO - [4440f0f9] File already exists: lit/lit_notes/Muller21ClickbaitUnreasEffect.md
2025-03-26 16:31:10,114 - INFO - [4440f0f9] Showing overwrite popup for 'Muller21ClickbaitUnreasEffect'
2025-03-26 16:31:10,114 - INFO - [4440f0f9] Opening dialog in browser: http://localhost:5050/dialog/dialog_1bc43dfd
2025-03-26 16:31:12,771 - INFO - Dialog dialog_1bc43dfd response: skip
2025-03-26 16:31:12,772 - INFO - [4440f0f9] User selected: skip for 'Muller21ClickbaitUnreasEffect'
2025-03-26 16:31:12,773 - INFO - [4440f0f9] Skipping file: lit/lit_notes/Muller21ClickbaitUnreasEffect.md
2025-03-26 16:31:12,773 - INFO - [4440f0f9] Ended webhook message processing with 0 items acted upon
2025-03-26 16:31:24,151 - INFO - [402faf6d] Received webhook request
2025-03-26 16:31:24,155 - INFO - [402faf6d] Processing 1 items
2025-03-26 16:31:24,389 - INFO - [402faf6d] Ended webhook message processing with 1 items acted upon
2025-03-26 18:46:37,209 - INFO - Starting Zotero Item Receiver
2025-03-26 18:46:37,211 - INFO - Storage directory path: C:\Users\scott\OneDrive\share\ref\obsidian\Obsidian Share Vault\lit\lit_notes
2025-03-26 18:46:37,212 - INFO - Log file: C:\Users\scott\repos\refwrangle\zmknote\zotero_item_receiver.log
2025-03-26 18:46:37,213 - INFO - Storage directory exists or was created successfully
2025-03-26 18:46:37,213 - INFO - Starting server on port 5050
2025-03-26 18:46:37,226 - INFO - Serving on http://0.0.0.0:5050
2025-03-26 18:46:43,712 - INFO - [d980b970] Received webhook request
2025-03-26 18:46:43,717 - INFO - [d980b970] Processing 1 items
2025-03-26 18:46:43,990 - INFO - [d980b970] Ended webhook message processing with 1 items acted upon
2025-03-27 10:53:51,861 - INFO - [d910de91] Received webhook request
2025-03-27 10:53:51,893 - INFO - [d910de91] Processing 1 items
2025-03-27 10:53:52,202 - INFO - [d910de91] Ended webhook message processing with 1 items acted upon
2025-03-27 18:57:54,204 - INFO - Starting Zotero Item Receiver
2025-03-27 18:57:54,206 - INFO - Storage directory path: C:\Users\scott\OneDrive\share\ref\obsidian\Obsidian Share Vault\lit\lit_notes
2025-03-27 18:57:54,207 - INFO - Log file: C:\Users\scott\repos\refwrangle\zmknote\zotero_item_receiver.log
2025-03-27 18:57:54,209 - INFO - Storage directory exists or was created successfully
2025-03-27 18:57:54,209 - INFO - Starting server on port 5050
2025-03-27 18:57:54,220 - INFO - Serving on http://0.0.0.0:5050
2025-03-27 18:58:00,548 - INFO - [b90ac1ae] Received webhook request
2025-03-27 18:58:00,550 - INFO - [b90ac1ae] Processing 1 items
2025-03-27 18:58:00,551 - INFO - [b90ac1ae] Working on item 1/1: Zaller92NatureOriginsMass
2025-03-27 18:58:00,594 - INFO - [b90ac1ae] Successfully created file: C:\Users\scott\OneDrive\share\ref\obsidian\Obsidian Share Vault\lit\lit_notes\Zaller92NatureOriginsMass.md
2025-03-27 18:58:00,597 - DEBUG - [b90ac1ae] Checking existence of: C:\Users\scott\OneDrive\share\ref\obsidian\Obsidian Share Vault\lit\lit_notes\Zaller92NatureOriginsMass.md
2025-03-27 18:58:00,805 - INFO - [b90ac1ae] Completed item: citekey='Zaller92NatureOriginsMass', itemkey='YP2WJBDG'
2025-03-27 18:58:00,806 - INFO - [b90ac1ae] Ended webhook message processing with 1 items acted upon
2025-03-29 20:59:35,500 - INFO - Starting Zotero Item Receiver
2025-03-29 20:59:35,502 - INFO - Storage directory path: C:\Users\scott\OneDrive\share\ref\obsidian\Obsidian Share Vault\lit\lit_notes
2025-03-29 20:59:35,502 - INFO - Log file: C:\Users\scott\repos\refwrangle\zmknote\zotero_item_receiver.log
2025-03-29 20:59:35,505 - INFO - Storage directory exists or was created successfully
2025-03-29 20:59:35,506 - INFO - Starting server on port 5050
2025-03-29 20:59:35,522 - INFO - Serving on http://0.0.0.0:5050
2025-03-29 21:00:11,084 - INFO - [c1c88a95] Received webhook request
2025-03-29 21:00:11,085 - INFO - [c1c88a95] Processing 1 items
2025-03-29 21:00:11,085 - INFO - [c1c88a95] Working on item 1/1: Longwell25demsChenyDemoc
2025-03-29 21:00:11,134 - INFO - [c1c88a95] Successfully created file: C:\Users\scott\OneDrive\share\ref\obsidian\Obsidian Share Vault\lit\lit_notes\Longwell25demsChenyDemoc.md
2025-03-29 21:00:11,136 - DEBUG - [c1c88a95] Checking existence of: C:\Users\scott\OneDrive\share\ref\obsidian\Obsidian Share Vault\lit\lit_notes\Longwell25demsChenyDemoc.md
2025-03-29 21:00:11,380 - INFO - [c1c88a95] Completed item: citekey='Longwell25demsChenyDemoc', itemkey='FXMPT9DF'
2025-03-29 21:00:11,381 - INFO - [c1c88a95] Ended webhook message processing with 1 items acted upon
2025-04-04 10:24:02,738 - INFO - Starting Zotero Item Receiver
2025-04-04 10:24:02,740 - INFO - Storage directory path: C:\Users\scott\OneDrive\share\ref\obsidian\Obsidian Share Vault\lit\lit_notes
2025-04-04 10:24:02,742 - INFO - Log file: C:\Users\scott\repos\refwrangle\zmknote\zotero_item_receiver.log
2025-04-04 10:24:02,745 - INFO - Storage directory exists or was created successfully
2025-04-04 10:24:02,746 - INFO - Starting server on port 5050
2025-04-04 10:24:02,764 - INFO - Serving on http://0.0.0.0:5050
2025-04-04 10:24:34,851 - INFO - [0c8ae5a8] Received webhook request
2025-04-04 10:24:34,853 - INFO - [0c8ae5a8] Processing 1 items
2025-04-04 10:24:34,853 - INFO - [0c8ae5a8] Working on item 1/1: Money&Macro25WhyTrumpsTariff
2025-04-04 10:24:34,885 - INFO - [0c8ae5a8] Successfully created file: C:\Users\scott\OneDrive\share\ref\obsidian\Obsidian Share Vault\lit\lit_notes\Money&Macro25WhyTrumpsTariff.md
2025-04-04 10:24:34,886 - DEBUG - [0c8ae5a8] Checking existence of: C:\Users\scott\OneDrive\share\ref\obsidian\Obsidian Share Vault\lit\lit_notes\Money&Macro25WhyTrumpsTariff.md
2025-04-04 10:24:35,125 - INFO - [0c8ae5a8] Completed item: citekey='Money&Macro25WhyTrumpsTariff', itemkey='VSFZIQP4'
2025-04-04 10:24:35,125 - INFO - [0c8ae5a8] Ended webhook message processing with 1 items acted upon
2025-04-04 10:27:47,279 - INFO - [30e0c29b] Received webhook request
2025-04-04 10:27:47,280 - INFO - [30e0c29b] Processing 1 items
2025-04-04 10:27:47,281 - INFO - [30e0c29b] Working on item 1/1: Schasfoort25tariffChaosSense
2025-04-04 10:27:47,316 - INFO - [30e0c29b] Successfully created file: C:\Users\scott\OneDrive\share\ref\obsidian\Obsidian Share Vault\lit\lit_notes\Schasfoort25tariffChaosSense.md
2025-04-04 10:27:47,317 - DEBUG - [30e0c29b] Checking existence of: C:\Users\scott\OneDrive\share\ref\obsidian\Obsidian Share Vault\lit\lit_notes\Schasfoort25tariffChaosSense.md
2025-04-04 10:27:47,428 - INFO - [30e0c29b] Completed item: citekey='Schasfoort25tariffChaosSense', itemkey='VSFZIQP4'
2025-04-04 10:27:47,428 - INFO - [30e0c29b] Ended webhook message processing with 1 items acted upon
2025-04-04 10:40:54,419 - INFO - [a503be29] Received webhook request
2025-04-04 10:40:54,434 - INFO - [a503be29] Processing 1 items
2025-04-04 10:40:54,441 - INFO - [a503be29] Working on item 1/1: Hoogduin25cmplxUncertDcsnCrs
2025-04-04 10:40:54,472 - INFO - [a503be29] Successfully created file: C:\Users\scott\OneDrive\share\ref\obsidian\Obsidian Share Vault\lit\lit_notes\Hoogduin25cmplxUncertDcsnCrs.md
2025-04-04 10:40:54,473 - DEBUG - [a503be29] Checking existence of: C:\Users\scott\OneDrive\share\ref\obsidian\Obsidian Share Vault\lit\lit_notes\Hoogduin25cmplxUncertDcsnCrs.md
2025-04-04 10:40:54,682 - INFO - [a503be29] Completed item: citekey='Hoogduin25cmplxUncertDcsnCrs', itemkey='QDAZE452'
2025-04-04 10:40:54,683 - INFO - [a503be29] Ended webhook message processing with 1 items acted upon
2025-04-04 11:10:43,767 - INFO - [63ea26c2] Received webhook request
2025-04-04 11:10:43,799 - INFO - [63ea26c2] Processing 1 items
2025-04-04 11:10:43,836 - INFO - [63ea26c2] Couldn't open note in Obsidian due to path or URI problem (Miran24restructGlblTrade): status={'vault_found': True, 'note_found': False, 'advanced_uri_plugin_installed': True, 'advanced_uri_plugin_enabled': True, 'plugin_newpane_setting_enabled': True, 'new_tab_requested': True, 'new_tab_possible': True, 'method_used': 'advanced-uri', 'uri_used': 'obsidian://adv-uri?vault=Obsidian%20Share%20Vault&filepath=lit/lit_notes/Miran24restructGlblTrade.md&newpane=true'})
2025-04-04 11:10:43,838 - INFO - [63ea26c2] Ended webhook message processing with 1 items acted upon
2025-04-04 11:11:08,402 - INFO - [7e9af8e3] Received webhook request
2025-04-04 11:11:08,404 - INFO - [7e9af8e3] Processing 1 items
2025-04-04 11:11:08,404 - INFO - [7e9af8e3] Working on item 1/1: Miran24restructGlblTrade
2025-04-04 11:11:08,486 - INFO - [7e9af8e3] Successfully created file: C:\Users\scott\OneDrive\share\ref\obsidian\Obsidian Share Vault\lit\lit_notes\Miran24restructGlblTrade.md
2025-04-04 11:11:08,490 - DEBUG - [7e9af8e3] Checking existence of: C:\Users\scott\OneDrive\share\ref\obsidian\Obsidian Share Vault\lit\lit_notes\Miran24restructGlblTrade.md
2025-04-04 11:11:08,785 - INFO - [7e9af8e3] Completed item: citekey='Miran24restructGlblTrade', itemkey='SL2KX2NF'
2025-04-04 11:11:08,786 - INFO - [7e9af8e3] Ended webhook message processing with 1 items acted upon
2025-04-06 12:30:42,301 - INFO - [8b6b9f7c] Received webhook request
2025-04-06 12:30:42,325 - INFO - [8b6b9f7c] Processing 1 items
2025-04-06 12:30:42,327 - INFO - [8b6b9f7c] Working on item 1/1: Cohn25econRiskRepubs
2025-04-06 12:30:42,467 - INFO - [8b6b9f7c] Successfully created file: C:\Users\scott\OneDrive\share\ref\obsidian\Obsidian Share Vault\lit\lit_notes\Cohn25econRiskRepubs.md
2025-04-06 12:30:42,472 - DEBUG - [8b6b9f7c] Checking existence of: C:\Users\scott\OneDrive\share\ref\obsidian\Obsidian Share Vault\lit\lit_notes\Cohn25econRiskRepubs.md
2025-04-06 12:30:42,724 - INFO - [8b6b9f7c] Completed item: citekey='Cohn25econRiskRepubs', itemkey='QJ7XWDTY'
2025-04-06 12:30:42,725 - INFO - [8b6b9f7c] Ended webhook message processing with 1 items acted upon
2025-04-06 21:28:43,292 - INFO - [d078a03b] Received webhook request
2025-04-06 21:28:43,324 - INFO - [d078a03b] Processing 1 items
2025-04-06 21:28:43,328 - INFO - [d078a03b] Working on item 1/1: Parker25trumpTariffEq
2025-04-06 21:28:43,430 - INFO - [d078a03b] Successfully created file: C:\Users\scott\OneDrive\share\ref\obsidian\Obsidian Share Vault\lit\lit_notes\Parker25trumpTariffEq.md
2025-04-06 21:28:43,431 - DEBUG - [d078a03b] Checking existence of: C:\Users\scott\OneDrive\share\ref\obsidian\Obsidian Share Vault\lit\lit_notes\Parker25trumpTariffEq.md
2025-04-06 21:28:43,687 - INFO - [d078a03b] Completed item: citekey='Parker25trumpTariffEq', itemkey='7VYVNJD3'
2025-04-06 21:28:43,688 - INFO - [d078a03b] Ended webhook message processing with 1 items acted upon
2025-04-07 12:32:43,041 - INFO - [aa6f0c32] Received webhook request
2025-04-07 12:32:43,061 - INFO - [aa6f0c32] Processing 1 items
2025-04-07 12:32:43,066 - INFO - [aa6f0c32] Working on item 1/1: Berkowitz25tariffMathError
2025-04-07 12:32:43,204 - INFO - [aa6f0c32] Successfully created file: C:\Users\scott\OneDrive\share\ref\obsidian\Obsidian Share Vault\lit\lit_notes\Berkowitz25tariffMathError.md
2025-04-07 12:32:43,219 - DEBUG - [aa6f0c32] Checking existence of: C:\Users\scott\OneDrive\share\ref\obsidian\Obsidian Share Vault\lit\lit_notes\Berkowitz25tariffMathError.md
2025-04-07 12:32:43,566 - INFO - [aa6f0c32] Completed item: citekey='Berkowitz25tariffMathError', itemkey='AY9XCTQN'
2025-04-07 12:32:43,568 - INFO - [aa6f0c32] Ended webhook message processing with 1 items acted upon
2025-04-11 08:54:06,563 - INFO - Starting Zotero Item Receiver
2025-04-11 08:54:06,565 - INFO - Storage directory path: C:\Users\scott\OneDrive\share\ref\obsidian\Obsidian Share Vault\lit\lit_notes
2025-04-11 08:54:06,566 - INFO - Log file: C:\Users\scott\repos\refwrangle\zmknote\zotero_item_receiver.log
2025-04-11 08:54:06,567 - INFO - Storage directory exists or was created successfully
2025-04-11 08:54:06,567 - INFO - Starting server on port 5050
2025-04-11 08:54:06,584 - INFO - Serving on http://0.0.0.0:5050
2025-04-11 08:54:13,963 - INFO - [d2962935] Received webhook request
2025-04-11 08:54:13,964 - INFO - [d2962935] Processing 1 items
2025-04-11 08:54:13,964 - INFO - [d2962935] Working on item 1/1: Kessler25noiseTrumpChaosPoll
2025-04-11 08:54:14,007 - INFO - [d2962935] Successfully created file: C:\Users\scott\OneDrive\share\ref\obsidian\Obsidian Share Vault\lit\lit_notes\Kessler25noiseTrumpChaosPoll.md
2025-04-11 08:54:14,013 - DEBUG - [d2962935] Checking existence of: C:\Users\scott\OneDrive\share\ref\obsidian\Obsidian Share Vault\lit\lit_notes\Kessler25noiseTrumpChaosPoll.md
2025-04-11 08:54:14,206 - INFO - [d2962935] Completed item: citekey='Kessler25noiseTrumpChaosPoll', itemkey='FZDNE73T'
2025-04-11 08:54:14,206 - INFO - [d2962935] Ended webhook message processing with 1 items acted upon
2025-04-16 17:31:24,227 - INFO - Starting Zotero Item Receiver
2025-04-16 17:31:24,233 - INFO - Storage directory path: C:\Users\scott\OneDrive\share\ref\obsidian\Obsidian Share Vault\lit\lit_notes
2025-04-16 17:31:24,234 - INFO - Log file: C:\Users\scott\repos\refwrangle\zmknote\zotero_item_receiver.log
2025-04-16 17:31:24,236 - INFO - Storage directory exists or was created successfully
2025-04-16 17:31:24,237 - INFO - Starting server on port 5050
2025-04-16 17:31:24,246 - INFO - Serving on http://0.0.0.0:5050
2025-04-16 17:33:02,426 - INFO - [2646228e] Received webhook request
2025-04-16 17:33:02,427 - INFO - [2646228e] Processing 1 items
2025-04-16 17:33:02,427 - INFO - [2646228e] Working on item 1/1: Maciejowska19DayAheadVsIntraday
2025-04-16 17:33:02,467 - INFO - [2646228e] Successfully created file: C:\Users\scott\OneDrive\share\ref\obsidian\Obsidian Share Vault\lit\lit_notes\Maciejowska19DayAheadVsIntraday.md
2025-04-16 17:33:02,469 - DEBUG - [2646228e] Checking existence of: C:\Users\scott\OneDrive\share\ref\obsidian\Obsidian Share Vault\lit\lit_notes\Maciejowska19DayAheadVsIntraday.md
2025-04-16 17:33:02,724 - INFO - [2646228e] Completed item: citekey='Maciejowska19DayAheadVsIntraday', itemkey='5VVCB4BI'
2025-04-16 17:33:02,724 - INFO - [2646228e] Ended webhook message processing with 1 items acted upon
2025-04-16 17:42:23,598 - INFO - [ebb5d3da] Received webhook request
2025-04-16 17:42:23,601 - INFO - [ebb5d3da] Processing 1 items
2025-04-16 17:42:23,602 - INFO - [ebb5d3da] Working on item 1/1: Mones23GeneralStochasticOptimization
2025-04-16 17:42:23,646 - INFO - [ebb5d3da] Successfully created file: C:\Users\scott\OneDrive\share\ref\obsidian\Obsidian Share Vault\lit\lit_notes\Mones23GeneralStochasticOptimization.md
2025-04-16 17:42:23,647 - DEBUG - [ebb5d3da] Checking existence of: C:\Users\scott\OneDrive\share\ref\obsidian\Obsidian Share Vault\lit\lit_notes\Mones23GeneralStochasticOptimization.md
2025-04-16 17:42:23,888 - INFO - [ebb5d3da] Completed item: citekey='Mones23GeneralStochasticOptimization', itemkey='M372REJ6'
2025-04-16 17:42:23,889 - INFO - [ebb5d3da] Ended webhook message processing with 1 items acted upon
2025-04-16 17:45:59,924 - INFO - [06f6fd2c] Received webhook request
2025-04-16 17:45:59,925 - INFO - [06f6fd2c] Processing 1 items
2025-04-16 17:45:59,926 - INFO - [06f6fd2c] Working on item 1/1: Mones23stochOptConvergBid
2025-04-16 17:45:59,970 - INFO - [06f6fd2c] Successfully created file: C:\Users\scott\OneDrive\share\ref\obsidian\Obsidian Share Vault\lit\lit_notes\Mones23stochOptConvergBid.md
2025-04-16 17:45:59,972 - DEBUG - [06f6fd2c] Checking existence of: C:\Users\scott\OneDrive\share\ref\obsidian\Obsidian Share Vault\lit\lit_notes\Mones23stochOptConvergBid.md
2025-04-16 17:46:00,313 - INFO - [06f6fd2c] Completed item: citekey='Mones23stochOptConvergBid', itemkey='M372REJ6'
2025-04-16 17:46:00,314 - INFO - [06f6fd2c] Ended webhook message processing with 1 items acted upon
2025-04-16 17:48:04,166 - INFO - [57bb0b02] Received webhook request
2025-04-16 17:48:04,167 - INFO - [57bb0b02] Processing 1 items
2025-04-16 17:48:04,168 - INFO - [57bb0b02] Working on item 1/1: Backus24probFrcstSTtradeOpt
2025-04-16 17:48:04,232 - INFO - [57bb0b02] Successfully created file: C:\Users\scott\OneDrive\share\ref\obsidian\Obsidian Share Vault\lit\lit_notes\Backus24probFrcstSTtradeOpt.md
2025-04-16 17:48:04,235 - DEBUG - [57bb0b02] Checking existence of: C:\Users\scott\OneDrive\share\ref\obsidian\Obsidian Share Vault\lit\lit_notes\Backus24probFrcstSTtradeOpt.md
2025-04-16 17:48:04,368 - INFO - [57bb0b02] Completed item: citekey='Backus24probFrcstSTtradeOpt', itemkey='4TIX7WVQ'
2025-04-16 17:48:04,369 - INFO - [57bb0b02] Ended webhook message processing with 1 items acted upon
2025-04-16 18:00:24,634 - INFO - [b4f74593] Received webhook request
2025-04-16 18:00:24,649 - INFO - [b4f74593] Processing 1 items
2025-04-16 18:00:24,651 - INFO - [b4f74593] Working on item 1/1: Laws23priceGenElecMktBidEval
2025-04-16 18:00:24,761 - INFO - [b4f74593] Successfully created file: C:\Users\scott\OneDrive\share\ref\obsidian\Obsidian Share Vault\lit\lit_notes\Laws23priceGenElecMktBidEval.md
2025-04-16 18:00:24,762 - DEBUG - [b4f74593] Checking existence of: C:\Users\scott\OneDrive\share\ref\obsidian\Obsidian Share Vault\lit\lit_notes\Laws23priceGenElecMktBidEval.md
2025-04-16 18:00:25,128 - INFO - [b4f74593] Completed item: citekey='Laws23priceGenElecMktBidEval', itemkey='IJWEKTGA'
2025-04-16 18:00:25,129 - INFO - [b4f74593] Ended webhook message processing with 1 items acted upon
2025-04-16 18:05:54,928 - INFO - [d8b5690b] Received webhook request
2025-04-16 18:05:54,945 - INFO - [d8b5690b] Processing 1 items
2025-04-16 18:05:54,947 - INFO - [d8b5690b] Working on item 1/1: Fang23elecMktvirtBidBrownian
2025-04-16 18:05:55,067 - INFO - [d8b5690b] Successfully created file: C:\Users\scott\OneDrive\share\ref\obsidian\Obsidian Share Vault\lit\lit_notes\Fang23elecMktvirtBidBrownian.md
2025-04-16 18:05:55,071 - DEBUG - [d8b5690b] Checking existence of: C:\Users\scott\OneDrive\share\ref\obsidian\Obsidian Share Vault\lit\lit_notes\Fang23elecMktvirtBidBrownian.md
2025-04-16 18:05:55,375 - INFO - [d8b5690b] Completed item: citekey='Fang23elecMktvirtBidBrownian', itemkey='DIA7I4VV'
2025-04-16 18:05:55,375 - INFO - [d8b5690b] Ended webhook message processing with 1 items acted upon
2025-04-16 18:21:25,185 - INFO - [99678e96] Received webhook request
2025-04-16 18:21:25,220 - INFO - [99678e96] Processing 1 items
2025-04-16 18:21:25,222 - INFO - [99678e96] Working on item 1/1: Wang24dpElecMktPriceFrcstVirtBid
2025-04-16 18:21:25,351 - INFO - [99678e96] Successfully created file: C:\Users\scott\OneDrive\share\ref\obsidian\Obsidian Share Vault\lit\lit_notes\Wang24dpElecMktPriceFrcstVirtBid.md
2025-04-16 18:21:25,351 - DEBUG - [99678e96] Checking existence of: C:\Users\scott\OneDrive\share\ref\obsidian\Obsidian Share Vault\lit\lit_notes\Wang24dpElecMktPriceFrcstVirtBid.md
2025-04-16 18:21:25,562 - INFO - [99678e96] Completed item: citekey='Wang24dpElecMktPriceFrcstVirtBid', itemkey='W4EZ8NSU'
2025-04-16 18:21:25,563 - INFO - [99678e96] Ended webhook message processing with 1 items acted upon
2025-04-16 18:41:52,027 - INFO - [a8a6ed26] Received webhook request
2025-04-16 18:41:52,050 - INFO - [a8a6ed26] Processing 1 items
2025-04-16 18:41:52,053 - INFO - [a8a6ed26] Working on item 1/1: Gao20lelecMktProbFrcstStochProg
2025-04-16 18:41:52,134 - INFO - [a8a6ed26] Successfully created file: C:\Users\scott\OneDrive\share\ref\obsidian\Obsidian Share Vault\lit\lit_notes\Gao20lelecMktProbFrcstStochProg.md
2025-04-16 18:41:52,135 - DEBUG - [a8a6ed26] Checking existence of: C:\Users\scott\OneDrive\share\ref\obsidian\Obsidian Share Vault\lit\lit_notes\Gao20lelecMktProbFrcstStochProg.md
2025-04-16 18:41:52,306 - INFO - [a8a6ed26] Completed item: citekey='Gao20lelecMktProbFrcstStochProg', itemkey='EEZP7XYZ'
2025-04-16 18:41:52,314 - INFO - [a8a6ed26] Ended webhook message processing with 1 items acted upon
2025-04-16 18:46:28,274 - INFO - [dbdf8975] Received webhook request
2025-04-16 18:46:28,275 - INFO - [dbdf8975] Processing 1 items
2025-04-16 18:46:28,278 - INFO - [dbdf8975] Working on item 1/1: Li22mlVirtBidElecMktEfficiency
2025-04-16 18:46:28,319 - INFO - [dbdf8975] Successfully created file: C:\Users\scott\OneDrive\share\ref\obsidian\Obsidian Share Vault\lit\lit_notes\Li22mlVirtBidElecMktEfficiency.md
2025-04-16 18:46:28,323 - DEBUG - [dbdf8975] Checking existence of: C:\Users\scott\OneDrive\share\ref\obsidian\Obsidian Share Vault\lit\lit_notes\Li22mlVirtBidElecMktEfficiency.md
2025-04-16 18:46:28,511 - INFO - [dbdf8975] Completed item: citekey='Li22mlVirtBidElecMktEfficiency', itemkey='N7496GPU'
2025-04-16 18:46:28,511 - INFO - [dbdf8975] Ended webhook message processing with 1 items acted upon
2025-04-16 18:55:32,409 - INFO - [54a48ab5] Received webhook request
2025-04-16 18:55:32,410 - INFO - [54a48ab5] Processing 1 items
2025-04-16 18:55:32,411 - INFO - [54a48ab5] Working on item 1/1: Merrick22sharpeVolatElekMktVirtTrade
2025-04-16 18:55:32,442 - INFO - [54a48ab5] Successfully created file: C:\Users\scott\OneDrive\share\ref\obsidian\Obsidian Share Vault\lit\lit_notes\Merrick22sharpeVolatElekMktVirtTrade.md
2025-04-16 18:55:32,443 - DEBUG - [54a48ab5] Checking existence of: C:\Users\scott\OneDrive\share\ref\obsidian\Obsidian Share Vault\lit\lit_notes\Merrick22sharpeVolatElekMktVirtTrade.md
2025-04-16 18:55:32,586 - INFO - [54a48ab5] Completed item: citekey='Merrick22sharpeVolatElekMktVirtTrade', itemkey='RAMLG4WF'
2025-04-16 18:55:32,586 - INFO - [54a48ab5] Ended webhook message processing with 1 items acted upon
2025-04-16 19:50:09,092 - INFO - [36357f4d] Received webhook request
2025-04-16 19:50:09,128 - INFO - [36357f4d] Processing 1 items
2025-04-16 19:50:09,131 - INFO - [36357f4d] Working on item 1/1: Mones23stochOptConvergBid
2025-04-16 19:50:09,273 - INFO - [36357f4d] File already exists: lit/lit_notes/Mones23stochOptConvergBid.md
2025-04-16 19:50:09,273 - INFO - [36357f4d] Showing overwrite popup for 'Mones23stochOptConvergBid'
2025-04-16 19:50:09,275 - INFO - [36357f4d] Opening dialog in browser: http://localhost:5050/dialog/dialog_84e8db9a
2025-04-16 19:50:12,408 - INFO - Dialog dialog_84e8db9a response: overwrite
2025-04-16 19:50:12,409 - INFO - [36357f4d] User selected: overwrite for 'Mones23stochOptConvergBid'
2025-04-16 19:50:12,411 - INFO - [36357f4d] Successfully overwrote file: C:\Users\scott\OneDrive\share\ref\obsidian\Obsidian Share Vault\lit\lit_notes\Mones23stochOptConvergBid.md
2025-04-16 19:50:12,412 - DEBUG - [36357f4d] Checking existence of: C:\Users\scott\OneDrive\share\ref\obsidian\Obsidian Share Vault\lit\lit_notes\Mones23stochOptConvergBid.md
2025-04-16 19:50:12,557 - INFO - [36357f4d] Completed item: citekey='Mones23stochOptConvergBid', itemkey='M372REJ6'
2025-04-16 19:50:12,558 - INFO - [36357f4d] Ended webhook message processing with 1 items acted upon
2025-04-16 19:53:19,760 - INFO - [c1566fb1] Received webhook request
2025-04-16 19:53:19,763 - INFO - [c1566fb1] Processing 1 items
2025-04-16 19:53:19,764 - INFO - [c1566fb1] Working on item 1/1: Gao20lelecMktProbFrcstStochProg
2025-04-16 19:53:19,831 - INFO - [c1566fb1] File already exists: lit/lit_notes/Gao20lelecMktProbFrcstStochProg.md
2025-04-16 19:53:19,832 - INFO - [c1566fb1] Showing overwrite popup for 'Gao20lelecMktProbFrcstStochProg'
2025-04-16 19:53:19,832 - INFO - [c1566fb1] Opening dialog in browser: http://localhost:5050/dialog/dialog_26b399cd
2025-04-16 19:53:22,011 - INFO - Dialog dialog_26b399cd response: overwrite
2025-04-16 19:53:22,012 - INFO - [c1566fb1] User selected: overwrite for 'Gao20lelecMktProbFrcstStochProg'
2025-04-16 19:53:22,013 - INFO - [c1566fb1] Successfully overwrote file: C:\Users\scott\OneDrive\share\ref\obsidian\Obsidian Share Vault\lit\lit_notes\Gao20lelecMktProbFrcstStochProg.md
2025-04-16 19:53:22,014 - DEBUG - [c1566fb1] Checking existence of: C:\Users\scott\OneDrive\share\ref\obsidian\Obsidian Share Vault\lit\lit_notes\Gao20lelecMktProbFrcstStochProg.md
2025-04-16 19:53:22,182 - INFO - [c1566fb1] Completed item: citekey='Gao20lelecMktProbFrcstStochProg', itemkey='EEZP7XYZ'
2025-04-16 19:53:22,183 - INFO - [c1566fb1] Ended webhook message processing with 1 items acted upon
2025-04-16 19:57:19,945 - INFO - [bff0a5ab] Received webhook request
2025-04-16 19:57:19,946 - INFO - [bff0a5ab] Processing 1 items
2025-04-16 19:57:19,947 - INFO - [bff0a5ab] Working on item 1/1: Laws23priceGenElecMktBidEval
2025-04-16 19:57:19,998 - INFO - [bff0a5ab] File already exists: lit/lit_notes/Laws23priceGenElecMktBidEval.md
2025-04-16 19:57:19,999 - INFO - [bff0a5ab] Showing overwrite popup for 'Laws23priceGenElecMktBidEval'
2025-04-16 19:57:19,999 - INFO - [bff0a5ab] Opening dialog in browser: http://localhost:5050/dialog/dialog_a0bb6420
2025-04-16 19:57:22,155 - INFO - Dialog dialog_a0bb6420 response: overwrite
2025-04-16 19:57:22,156 - INFO - [bff0a5ab] User selected: overwrite for 'Laws23priceGenElecMktBidEval'
2025-04-16 19:57:22,157 - INFO - [bff0a5ab] Successfully overwrote file: C:\Users\scott\OneDrive\share\ref\obsidian\Obsidian Share Vault\lit\lit_notes\Laws23priceGenElecMktBidEval.md
2025-04-16 19:57:22,158 - DEBUG - [bff0a5ab] Checking existence of: C:\Users\scott\OneDrive\share\ref\obsidian\Obsidian Share Vault\lit\lit_notes\Laws23priceGenElecMktBidEval.md
2025-04-16 19:57:22,318 - INFO - [bff0a5ab] Completed item: citekey='Laws23priceGenElecMktBidEval', itemkey='IJWEKTGA'
2025-04-16 19:57:22,318 - INFO - [bff0a5ab] Ended webhook message processing with 1 items acted upon
2025-04-18 13:47:54,033 - INFO - Starting Zotero Item Receiver
2025-04-18 13:47:54,034 - INFO - Storage directory path: C:\Users\scott\OneDrive\share\ref\obsidian\Obsidian Share Vault\lit\lit_notes
2025-04-18 13:47:54,035 - INFO - Log file: C:\Users\scott\repos\refwrangle\zmknote\zotero_item_receiver.log
2025-04-18 13:47:54,035 - INFO - Storage directory exists or was created successfully
2025-04-18 13:47:54,037 - INFO - Starting server on port 5050
2025-04-18 13:47:54,063 - INFO - Serving on http://0.0.0.0:5050
2025-04-18 13:48:27,970 - INFO - [40fdc4e3] Received webhook request
2025-04-18 13:48:27,971 - INFO - [40fdc4e3] Processing 1 items
2025-04-18 13:48:27,971 - INFO - [40fdc4e3] Working on item 1/1: 24CrowdCountingConsortium
2025-04-18 13:48:28,026 - INFO - [40fdc4e3] Successfully created file: C:\Users\scott\OneDrive\share\ref\obsidian\Obsidian Share Vault\lit\lit_notes\24CrowdCountingConsortium.md
2025-04-18 13:48:28,034 - DEBUG - [40fdc4e3] Checking existence of: C:\Users\scott\OneDrive\share\ref\obsidian\Obsidian Share Vault\lit\lit_notes\24CrowdCountingConsortium.md
2025-04-18 13:48:28,308 - INFO - [40fdc4e3] Completed item: citekey='24CrowdCountingConsortium', itemkey='5MSU7IQV'
2025-04-18 13:48:28,308 - INFO - [40fdc4e3] Ended webhook message processing with 1 items acted upon
2025-04-18 13:53:37,526 - INFO - [93e51eb9] Received webhook request
2025-04-18 13:53:37,528 - INFO - [93e51eb9] Processing 1 items
2025-04-18 13:53:37,528 - INFO - [93e51eb9] Working on item 1/1: Chenoweth24crowdCountCnsrt
2025-04-18 13:53:37,556 - INFO - [93e51eb9] Successfully created file: C:\Users\scott\OneDrive\share\ref\obsidian\Obsidian Share Vault\lit\lit_notes\Chenoweth24crowdCountCnsrt.md
2025-04-18 13:53:37,563 - DEBUG - [93e51eb9] Checking existence of: C:\Users\scott\OneDrive\share\ref\obsidian\Obsidian Share Vault\lit\lit_notes\Chenoweth24crowdCountCnsrt.md
2025-04-18 13:53:37,678 - INFO - [93e51eb9] Completed item: citekey='Chenoweth24crowdCountCnsrt', itemkey='5MSU7IQV'
2025-04-18 13:53:37,678 - INFO - [93e51eb9] Ended webhook message processing with 1 items acted upon
2025-04-18 13:54:24,677 - INFO - [f05747db] Received webhook request
2025-04-18 13:54:24,677 - INFO - [f05747db] Processing 1 items
2025-04-18 13:54:24,677 - INFO - [f05747db] Working on item 1/1: Angwin25YwantBeDissident
2025-04-18 13:54:24,697 - INFO - [f05747db] Successfully created file: C:\Users\scott\OneDrive\share\ref\obsidian\Obsidian Share Vault\lit\lit_notes\Angwin25YwantBeDissident.md
2025-04-18 13:54:24,702 - DEBUG - [f05747db] Checking existence of: C:\Users\scott\OneDrive\share\ref\obsidian\Obsidian Share Vault\lit\lit_notes\Angwin25YwantBeDissident.md
2025-04-18 13:54:24,794 - INFO - [f05747db] Completed item: citekey='Angwin25YwantBeDissident', itemkey='86EPQKT5'
2025-04-18 13:54:24,800 - INFO - [f05747db] Ended webhook message processing with 1 items acted upon
2025-04-21 10:13:41,134 - INFO - [afb00d9e] Received webhook request
2025-04-21 10:13:41,148 - INFO - [afb00d9e] Processing 2 items
2025-04-21 10:13:41,149 - INFO - [afb00d9e] Working on item 1/2: Thomas25authoritPrimeCnsprcy
2025-04-21 10:13:41,184 - INFO - [afb00d9e] Successfully created file: C:\Users\scott\OneDrive\share\ref\obsidian\Obsidian Share Vault\lit\lit_notes\Thomas25authoritPrimeCnsprcy.md
2025-04-21 10:13:41,188 - DEBUG - [afb00d9e] Checking existence of: C:\Users\scott\OneDrive\share\ref\obsidian\Obsidian Share Vault\lit\lit_notes\Thomas25authoritPrimeCnsprcy.md
2025-04-21 10:13:41,473 - INFO - [afb00d9e] Completed item: citekey='Thomas25authoritPrimeCnsprcy', itemkey='TUDKZZGQ'
2025-04-21 10:13:41,476 - INFO - [afb00d9e] Working on item 2/2: Dolan25authoritPrimeCnsprcy
2025-04-21 10:13:41,496 - INFO - [afb00d9e] Successfully created file: C:\Users\scott\OneDrive\share\ref\obsidian\Obsidian Share Vault\lit\lit_notes\Dolan25authoritPrimeCnsprcy.md
2025-04-21 10:13:41,496 - DEBUG - [afb00d9e] Checking existence of: C:\Users\scott\OneDrive\share\ref\obsidian\Obsidian Share Vault\lit\lit_notes\Dolan25authoritPrimeCnsprcy.md
2025-04-21 10:13:41,589 - INFO - [afb00d9e] Completed item: citekey='Dolan25authoritPrimeCnsprcy', itemkey='XA4WHJPJ'
2025-04-21 10:13:41,590 - INFO - [afb00d9e] Ended webhook message processing with 2 items acted upon
2025-04-23 12:51:04,201 - INFO - Starting Zotero Item Receiver
2025-04-23 12:51:04,202 - INFO - Storage directory path: C:\Users\scott\OneDrive\share\ref\obsidian\Obsidian Share Vault\lit\lit_notes
2025-04-23 12:51:04,203 - INFO - Log file: C:\Users\scott\repos\refwrangle\src\refwrangle\zmknote\zotero_item_receiver.log
2025-04-23 12:51:04,203 - INFO - Storage directory exists or was created successfully
2025-04-23 12:51:04,203 - INFO - Starting server on port 5050
2025-04-23 12:51:04,214 - INFO - Serving on http://0.0.0.0:5050
2025-04-23 12:51:20,398 - INFO - [7415aa60] Received webhook request
2025-04-23 12:51:20,400 - INFO - [7415aa60] Processing 1 items
2025-04-23 12:51:20,400 - INFO - [7415aa60] Working on item 1/1: Hendrickson25demsManProblem
2025-04-23 12:51:20,416 - INFO - [7415aa60] Successfully created file: C:\Users\scott\OneDrive\share\ref\obsidian\Obsidian Share Vault\lit\lit_notes\Hendrickson25demsManProblem.md
2025-04-23 12:51:20,426 - DEBUG - [7415aa60] Checking existence of: C:\Users\scott\OneDrive\share\ref\obsidian\Obsidian Share Vault\lit\lit_notes\Hendrickson25demsManProblem.md
2025-04-23 12:51:20,718 - INFO - [7415aa60] Completed item: citekey='Hendrickson25demsManProblem', itemkey='YAQIMF8S'
2025-04-23 12:51:20,718 - INFO - [7415aa60] Ended webhook message processing with 1 items acted upon
2025-04-23 13:27:32,988 - INFO - [c2dca4bd] Received webhook request
2025-04-23 13:27:32,992 - INFO - [c2dca4bd] Processing 2 items
2025-04-23 13:27:32,993 - INFO - [c2dca4bd] Working on item 1/2: MorningConsult25trustTrumpVsMedia
2025-04-23 13:27:33,028 - INFO - [c2dca4bd] Successfully created file: C:\Users\scott\OneDrive\share\ref\obsidian\Obsidian Share Vault\lit\lit_notes\MorningConsult25trustTrumpVsMedia.md
2025-04-23 13:27:33,030 - DEBUG - [c2dca4bd] Checking existence of: C:\Users\scott\OneDrive\share\ref\obsidian\Obsidian Share Vault\lit\lit_notes\MorningConsult25trustTrumpVsMedia.md
2025-04-23 13:27:33,284 - INFO - [c2dca4bd] Completed item: citekey='MorningConsult25trustTrumpVsMedia', itemkey='5W8WXFCB'
2025-04-23 13:27:33,286 - INFO - [c2dca4bd] Working on item 2/2: Hendrickson25demsManProblem
2025-04-23 13:27:33,305 - INFO - [c2dca4bd] File already exists: lit/lit_notes/Hendrickson25demsManProblem.md
2025-04-23 13:27:33,305 - INFO - [c2dca4bd] Showing overwrite popup for 'Hendrickson25demsManProblem'
2025-04-23 13:27:33,305 - INFO - [c2dca4bd] Opening dialog in browser: http://localhost:5050/dialog/dialog_32f51f24
2025-04-23 13:27:36,291 - INFO - Dialog dialog_32f51f24 response: overwrite
2025-04-23 13:27:36,292 - INFO - [c2dca4bd] User selected: overwrite for 'Hendrickson25demsManProblem'
2025-04-23 13:27:36,293 - INFO - [c2dca4bd] Successfully overwrote file: C:\Users\scott\OneDrive\share\ref\obsidian\Obsidian Share Vault\lit\lit_notes\Hendrickson25demsManProblem.md
2025-04-23 13:27:36,294 - DEBUG - [c2dca4bd] Checking existence of: C:\Users\scott\OneDrive\share\ref\obsidian\Obsidian Share Vault\lit\lit_notes\Hendrickson25demsManProblem.md
2025-04-23 13:27:36,527 - INFO - [c2dca4bd] Completed item: citekey='Hendrickson25demsManProblem', itemkey='YAQIMF8S'
2025-04-23 13:27:36,530 - INFO - [c2dca4bd] Ended webhook message processing with 2 items acted upon
2025-04-23 16:01:28,204 - INFO - [5997c15f] Received webhook request
2025-04-23 16:01:28,215 - INFO - [5997c15f] Processing 1 items
2025-04-23 16:01:28,216 - INFO - [5997c15f] Working on item 1/1: Nowrasteh25natImmigVotedRep
2025-04-23 16:01:28,267 - INFO - [5997c15f] Successfully created file: C:\Users\scott\OneDrive\share\ref\obsidian\Obsidian Share Vault\lit\lit_notes\Nowrasteh25natImmigVotedRep.md
2025-04-23 16:01:28,271 - DEBUG - [5997c15f] Checking existence of: C:\Users\scott\OneDrive\share\ref\obsidian\Obsidian Share Vault\lit\lit_notes\Nowrasteh25natImmigVotedRep.md
2025-04-23 16:01:28,563 - INFO - [5997c15f] Completed item: citekey='Nowrasteh25natImmigVotedRep', itemkey='LUBGX6ZD'
2025-04-23 16:01:28,563 - INFO - [5997c15f] Ended webhook message processing with 1 items acted upon
2025-04-23 16:05:17,100 - INFO - [42988e69] Received webhook request
2025-04-23 16:05:17,104 - INFO - [42988e69] Processing 1 items
2025-04-23 16:05:17,104 - INFO - [42988e69] Working on item 1/1: JournalismFeatured*242024PresidentialElection
2025-04-23 16:05:17,133 - ERROR - [42988e69] Error processing webhook data: [Errno 22] Invalid argument: 'C:\\Users\\scott\\OneDrive\\share\\ref\\obsidian\\Obsidian Share Vault\\lit\\lit_notes\\JournalismFeatured*242024PresidentialElection.md'
Traceback (most recent call last):
  File "C:\Users\scott\repos\refwrangle\src\refwrangle\zmknote\zotero_to_obsidian_note_receiver.py", line 604, in webhook
    results =  write_obsidian_md_note(webhook_item_list, request_id)
               ^^^^^^^^^^^^^^^^^^^^^^^^^^^^^^^^^^^^^^^^^^^^^^^^^^^^^
  File "C:\Users\scott\repos\refwrangle\src\refwrangle\zmknote\zotero_to_obsidian_note_receiver.py", line 718, in write_obsidian_md_note
    if (write_resp := write_note(note_path_in_vault, obs_note_markdown, overwrite=False)) == 'exists':
                      ^^^^^^^^^^^^^^^^^^^^^^^^^^^^^^^^^^^^^^^^^^^^^^^^^^^^^^^^^^^^^^^^^^
  File "C:\Users\scott\repos\refwrangle\src\refwrangle\zmknote\zotero_to_obsidian_note_receiver.py", line 695, in write_note
    with open(filepath_os, 'x', encoding='utf-8') as f:
         ^^^^^^^^^^^^^^^^^^^^^^^^^^^^^^^^^^^^^^^^
OSError: [Errno 22] Invalid argument: 'C:\\Users\\scott\\OneDrive\\share\\ref\\obsidian\\Obsidian Share Vault\\lit\\lit_notes\\JournalismFeatured*242024PresidentialElection.md'
2025-04-23 16:05:25,410 - INFO - [48ebe0fa] Received webhook request
2025-04-23 16:05:25,412 - INFO - [48ebe0fa] Processing 1 items
2025-04-23 16:05:25,412 - INFO - [48ebe0fa] Working on item 1/1: JournalismFeatured*242024PresidentialElection
2025-04-23 16:05:25,438 - ERROR - [48ebe0fa] Error processing webhook data: [Errno 22] Invalid argument: 'C:\\Users\\scott\\OneDrive\\share\\ref\\obsidian\\Obsidian Share Vault\\lit\\lit_notes\\JournalismFeatured*242024PresidentialElection.md'
Traceback (most recent call last):
  File "C:\Users\scott\repos\refwrangle\src\refwrangle\zmknote\zotero_to_obsidian_note_receiver.py", line 604, in webhook
    results =  write_obsidian_md_note(webhook_item_list, request_id)
               ^^^^^^^^^^^^^^^^^^^^^^^^^^^^^^^^^^^^^^^^^^^^^^^^^^^^^
  File "C:\Users\scott\repos\refwrangle\src\refwrangle\zmknote\zotero_to_obsidian_note_receiver.py", line 718, in write_obsidian_md_note
    if (write_resp := write_note(note_path_in_vault, obs_note_markdown, overwrite=False)) == 'exists':
                      ^^^^^^^^^^^^^^^^^^^^^^^^^^^^^^^^^^^^^^^^^^^^^^^^^^^^^^^^^^^^^^^^^^
  File "C:\Users\scott\repos\refwrangle\src\refwrangle\zmknote\zotero_to_obsidian_note_receiver.py", line 695, in write_note
    with open(filepath_os, 'x', encoding='utf-8') as f:
         ^^^^^^^^^^^^^^^^^^^^^^^^^^^^^^^^^^^^^^^^
OSError: [Errno 22] Invalid argument: 'C:\\Users\\scott\\OneDrive\\share\\ref\\obsidian\\Obsidian Share Vault\\lit\\lit_notes\\JournalismFeatured*242024PresidentialElection.md'
2025-04-23 16:06:52,127 - INFO - [027dfb53] Received webhook request
2025-04-23 16:06:52,128 - INFO - [027dfb53] Processing 1 items
2025-04-23 16:06:52,129 - INFO - [027dfb53] Working on item 1/1: Woodland24electAmericanNations
2025-04-23 16:06:52,152 - INFO - [027dfb53] Successfully created file: C:\Users\scott\OneDrive\share\ref\obsidian\Obsidian Share Vault\lit\lit_notes\Woodland24electAmericanNations.md
2025-04-23 16:06:52,152 - DEBUG - [027dfb53] Checking existence of: C:\Users\scott\OneDrive\share\ref\obsidian\Obsidian Share Vault\lit\lit_notes\Woodland24electAmericanNations.md
2025-04-23 16:06:52,449 - INFO - [027dfb53] Completed item: citekey='Woodland24electAmericanNations', itemkey='J3UKPCGC'
2025-04-23 16:06:52,450 - INFO - [027dfb53] Ended webhook message processing with 1 items acted upon
2025-04-24 10:09:30,714 - INFO - Starting Zotero Item Receiver
2025-04-24 10:09:30,715 - INFO - Storage directory path: C:\Users\scott\OneDrive\share\ref\obsidian\Obsidian Share Vault\lit\lit_notes
2025-04-24 10:09:30,716 - INFO - Log file: C:\Users\scott\repos\refwrangle\src\refwrangle\zmknote\zotero_item_receiver.log
2025-04-24 10:09:30,718 - INFO - Storage directory exists or was created successfully
2025-04-24 10:09:30,718 - INFO - Starting server on port 5050
2025-04-24 10:09:30,726 - INFO - Serving on http://0.0.0.0:5050
2025-04-24 10:09:35,767 - INFO - [99f610b3] Received webhook request
2025-04-24 10:09:35,767 - INFO - [99f610b3] Processing 1 items
2025-04-24 10:09:35,767 - INFO - [99f610b3] Working on item 1/1: MorningConsult25trump100days
2025-04-24 10:09:35,806 - INFO - [99f610b3] Successfully created file: C:\Users\scott\OneDrive\share\ref\obsidian\Obsidian Share Vault\lit\lit_notes\MorningConsult25trump100days.md
2025-04-24 10:09:35,808 - DEBUG - [99f610b3] Checking existence of: C:\Users\scott\OneDrive\share\ref\obsidian\Obsidian Share Vault\lit\lit_notes\MorningConsult25trump100days.md
2025-04-24 10:09:36,174 - INFO - [99f610b3] Completed item: citekey='MorningConsult25trump100days', itemkey='W4PV4K92'
2025-04-24 10:09:36,174 - INFO - [99f610b3] Ended webhook message processing with 1 items acted upon
2025-04-24 16:47:43,120 - INFO - [0aa53475] Received webhook request
2025-04-24 16:47:43,133 - INFO - [0aa53475] Processing 1 items
2025-04-24 16:47:43,134 - INFO - [0aa53475] Working on item 1/1: Bertsimas97linOptIntroBk
2025-04-24 16:47:43,216 - INFO - [0aa53475] Successfully created file: C:\Users\scott\OneDrive\share\ref\obsidian\Obsidian Share Vault\lit\lit_notes\Bertsimas97linOptIntroBk.md
2025-04-24 16:47:43,224 - DEBUG - [0aa53475] Checking existence of: C:\Users\scott\OneDrive\share\ref\obsidian\Obsidian Share Vault\lit\lit_notes\Bertsimas97linOptIntroBk.md
2025-04-24 16:47:43,535 - INFO - [0aa53475] Completed item: citekey='Bertsimas97linOptIntroBk', itemkey='FLI5IW6C'
2025-04-24 16:47:43,536 - INFO - [0aa53475] Ended webhook message processing with 1 items acted upon
2025-04-27 11:16:37,597 - INFO - Starting Zotero Item Receiver
2025-04-27 11:16:37,597 - INFO - Storage directory path: C:\Users\scott\OneDrive\share\ref\obsidian\Obsidian Share Vault\lit\lit_notes
